main.c:84:5:main	8	static
main.c:134:6:SystemClock_Config	88	static
main.c:177:13:MX_ADC1_Init	24	static
main.c:263:13:MX_SPI1_Init	8	static
main.c:301:13:MX_USART1_UART_Init	8	static
main.c:334:13:MX_GPIO_Init	32	static
main.c:355:6:HAL_UART_RxCpltCallback	16	static
main.c:362:6:potentiometer_set_value	24	static
main.c:376:6:potentiometer_set_int_value	16	static
main.c:389:6:measuring	16	static
main.c:405:6:uart_handler	8	static
main.c:418:6:transmit_signals_to_esp32	24	static
main.c:442:6:Error_Handler	4	static,ignoring_inline_asm
